Archive member included because of file (symbol)

c:/software/electronica/arm/eclipsearm/sourcery-g++-lite-arm-2011.03/bin/../lib/gcc/arm-none-eabi/4.5.2\libgcc.a(_divsi3.o)
                              ./utils.o (__aeabi_idiv)
c:/software/electronica/arm/eclipsearm/sourcery-g++-lite-arm-2011.03/bin/../lib/gcc/arm-none-eabi/4.5.2\libgcc.a(_dvmd_tls.o)
                              c:/software/electronica/arm/eclipsearm/sourcery-g++-lite-arm-2011.03/bin/../lib/gcc/arm-none-eabi/4.5.2\libgcc.a(_divsi3.o) (__aeabi_idiv0)

Memory Configuration

Name             Origin             Length             Attributes
*default*        0x00000000         0xffffffff

Linker script and memory map

LOAD ./D8Led.o
LOAD ./button.o
LOAD ./gpio.o
LOAD ./init.o
LOAD ./leds.o
LOAD ./main.o
LOAD ./utils.o
START GROUP
LOAD c:/software/electronica/arm/eclipsearm/sourcery-g++-lite-arm-2011.03/bin/../lib/gcc/arm-none-eabi/4.5.2\libgcc.a
LOAD c:/software/electronica/arm/eclipsearm/sourcery-g++-lite-arm-2011.03/bin/../lib/gcc/arm-none-eabi/4.5.2/../../../../arm-none-eabi/lib\libc.a
END GROUP
                0x0c100000                . = 0xc100000

.data           0x0c100000       0x7c
 *(.data*)
 .data          0x0c100000       0x60 ./D8Led.o
 .data          0x0c100060        0x0 ./button.o
 .data          0x0c100060        0x0 ./gpio.o
 .data          0x0c100060        0x0 ./init.o
 .data          0x0c100060        0x0 ./leds.o
 .data          0x0c100060       0x18 ./main.o
                0x0c100074                contador
 .data          0x0c100078        0x4 ./utils.o
 .data          0x0c10007c        0x0 c:/software/electronica/arm/eclipsearm/sourcery-g++-lite-arm-2011.03/bin/../lib/gcc/arm-none-eabi/4.5.2\libgcc.a(_divsi3.o)
 .data          0x0c10007c        0x0 c:/software/electronica/arm/eclipsearm/sourcery-g++-lite-arm-2011.03/bin/../lib/gcc/arm-none-eabi/4.5.2\libgcc.a(_dvmd_tls.o)
 *(.rodata*)
                0x0c10007c                Image_ZI_Base = .

.bss            0x0c10007c        0x4
 *(.bss*)
 .bss           0x0c10007c        0x0 ./D8Led.o
 .bss           0x0c10007c        0x0 ./button.o
 .bss           0x0c10007c        0x0 ./gpio.o
 .bss           0x0c10007c        0x0 ./init.o
 .bss           0x0c10007c        0x4 ./leds.o
 .bss           0x0c100080        0x0 ./main.o
 .bss           0x0c100080        0x0 ./utils.o
 .bss           0x0c100080        0x0 c:/software/electronica/arm/eclipsearm/sourcery-g++-lite-arm-2011.03/bin/../lib/gcc/arm-none-eabi/4.5.2\libgcc.a(_divsi3.o)
 .bss           0x0c100080        0x0 c:/software/electronica/arm/eclipsearm/sourcery-g++-lite-arm-2011.03/bin/../lib/gcc/arm-none-eabi/4.5.2\libgcc.a(_dvmd_tls.o)
 *(COMMON)
                0x0c100080                Image_ZI_Limit = .

.text           0x0c100080      0xf68
 *(.text*)
 .text          0x0c100080      0x190 ./D8Led.o
                0x0c100080                D8Led_init
                0x0c1000a4                D8Led_segment
                0x0c100100                D8Led_digit
                0x0c10015c                D8Led_hola
 .text          0x0c100210       0x9c ./button.o
                0x0c100210                read_button
 .text          0x0c1002ac      0x5f8 ./gpio.o
                0x0c1002ac                portB_conf
                0x0c100374                portB_write
                0x0c100430                portG_conf
                0x0c1005e8                portG_eint_trig
                0x0c100618                portG_write
                0x0c100718                portG_read
                0x0c1007dc                portG_conf_pup
 .text          0x0c1008a4       0xd0 ./init.o
                0x0c1008a4                start
 .text          0x0c100974      0x298 ./leds.o
                0x0c100974                leds_init
                0x0c1009b8                led1_on
                0x0c1009f8                led1_off
                0x0c100a38                led2_on
                0x0c100a78                led2_off
                0x0c100ab8                led1_switch
                0x0c100af8                led2_switch
                0x0c100b38                leds_switch
                0x0c100b78                leds_display
 .text          0x0c100c0c      0x158 ./main.o
                0x0c100c0c                setup
                0x0c100c80                loop
                0x0c100d4c                main
 .text          0x0c100d64      0x138 ./utils.o
                0x0c100d64                Delay
 .text          0x0c100e9c      0x148 c:/software/electronica/arm/eclipsearm/sourcery-g++-lite-arm-2011.03/bin/../lib/gcc/arm-none-eabi/4.5.2\libgcc.a(_divsi3.o)
                0x0c100e9c                __divsi3
                0x0c100e9c                __aeabi_idiv
                0x0c100fc4                __aeabi_idivmod
 .text          0x0c100fe4        0x4 c:/software/electronica/arm/eclipsearm/sourcery-g++-lite-arm-2011.03/bin/../lib/gcc/arm-none-eabi/4.5.2\libgcc.a(_dvmd_tls.o)
                0x0c100fe4                __aeabi_idiv0
                0x0c100fe4                __aeabi_ldiv0
                0x0c100fe8                PROVIDE (end, .)
START GROUP
LOAD c:/software/electronica/arm/eclipsearm/sourcery-g++-lite-arm-2011.03/bin/../lib/gcc/arm-none-eabi/4.5.2\libgcc.a
LOAD c:/software/electronica/arm/eclipsearm/sourcery-g++-lite-arm-2011.03/bin/../lib/gcc/arm-none-eabi/4.5.2/../../../../arm-none-eabi/lib\libg.a
LOAD c:/software/electronica/arm/eclipsearm/sourcery-g++-lite-arm-2011.03/bin/../lib/gcc/arm-none-eabi/4.5.2/../../../../arm-none-eabi/lib\libc.a
LOAD c:/software/electronica/arm/eclipsearm/sourcery-g++-lite-arm-2011.03/bin/../lib/gcc/arm-none-eabi/4.5.2/../../../../arm-none-eabi/lib\libm.a
LOAD c:/software/electronica/arm/eclipsearm/sourcery-g++-lite-arm-2011.03/bin/../lib/gcc/arm-none-eabi/4.5.2/../../../../arm-none-eabi/lib\libnosys.a
END GROUP
OUTPUT(pr2.elf elf32-littlearm)

.glue_7         0x0c100fe8        0x0
 .glue_7        0x00000000        0x0 linker stubs

.glue_7t        0x0c100fe8        0x0
 .glue_7t       0x00000000        0x0 linker stubs

.vfp11_veneer   0x0c100fe8        0x0
 .vfp11_veneer  0x00000000        0x0 linker stubs

.v4_bx          0x0c100fe8        0x0
 .v4_bx         0x00000000        0x0 linker stubs

.debug_abbrev   0x00000000      0x3bd
 .debug_abbrev  0x00000000       0x88 ./D8Led.o
 .debug_abbrev  0x00000088       0x79 ./button.o
 .debug_abbrev  0x00000101       0xb7 ./gpio.o
 .debug_abbrev  0x000001b8       0x14 ./init.o
 .debug_abbrev  0x000001cc       0x8c ./leds.o
 .debug_abbrev  0x00000258      0x100 ./main.o
 .debug_abbrev  0x00000358       0x65 ./utils.o

.debug_info     0x00000000      0x7df
 .debug_info    0x00000000      0x10e ./D8Led.o
 .debug_info    0x0000010e       0x84 ./button.o
 .debug_info    0x00000192      0x283 ./gpio.o
 .debug_info    0x00000415       0x47 ./init.o
 .debug_info    0x0000045c      0x150 ./leds.o
 .debug_info    0x000005ac      0x1af ./main.o
 .debug_info    0x0000075b       0x84 ./utils.o

.debug_line     0x00000000      0x6c2
 .debug_line    0x00000000       0x76 ./D8Led.o
 .debug_line    0x00000076       0x8b ./button.o
 .debug_line    0x00000101       0xdc ./gpio.o
 .debug_line    0x000001dd       0x63 ./init.o
 .debug_line    0x00000240       0x88 ./leds.o
 .debug_line    0x000002c8      0x38f ./main.o
 .debug_line    0x00000657       0x6b ./utils.o

.debug_macinfo  0x00000000    0x1f7d0
 .debug_macinfo
                0x00000000     0x51c4 ./D8Led.o
 .debug_macinfo
                0x000051c4     0x4c12 ./button.o
 .debug_macinfo
                0x00009dd6     0x4bcb ./gpio.o
 .debug_macinfo
                0x0000e9a1     0x4c0e ./leds.o
 .debug_macinfo
                0x000135af     0x7655 ./main.o
 .debug_macinfo
                0x0001ac04     0x4bcc ./utils.o

.debug_loc      0x00000000      0x44c
 .debug_loc     0x00000000       0xb0 ./D8Led.o
 .debug_loc     0x000000b0       0x2c ./button.o
 .debug_loc     0x000000dc      0x134 ./gpio.o
 .debug_loc     0x00000210      0x18c ./leds.o
 .debug_loc     0x0000039c       0x84 ./main.o
 .debug_loc     0x00000420       0x2c ./utils.o

.debug_pubnames
                0x00000000      0x1e4
 .debug_pubnames
                0x00000000       0x52 ./D8Led.o
 .debug_pubnames
                0x00000052       0x22 ./button.o
 .debug_pubnames
                0x00000074       0x86 ./gpio.o
 .debug_pubnames
                0x000000fa       0x93 ./leds.o
 .debug_pubnames
                0x0000018d       0x3b ./main.o
 .debug_pubnames
                0x000001c8       0x1c ./utils.o

.debug_pubtypes
                0x00000000       0xe7
 .debug_pubtypes
                0x00000000       0x12 ./D8Led.o
 .debug_pubtypes
                0x00000012       0x1e ./button.o
 .debug_pubtypes
                0x00000030       0x43 ./gpio.o
 .debug_pubtypes
                0x00000073       0x2c ./leds.o
 .debug_pubtypes
                0x0000009f       0x36 ./main.o
 .debug_pubtypes
                0x000000d5       0x12 ./utils.o

.debug_aranges  0x00000000       0xe0
 .debug_aranges
                0x00000000       0x20 ./D8Led.o
 .debug_aranges
                0x00000020       0x20 ./button.o
 .debug_aranges
                0x00000040       0x20 ./gpio.o
 .debug_aranges
                0x00000060       0x20 ./init.o
 .debug_aranges
                0x00000080       0x20 ./leds.o
 .debug_aranges
                0x000000a0       0x20 ./main.o
 .debug_aranges
                0x000000c0       0x20 ./utils.o

.debug_str      0x00000000      0x299
 .debug_str     0x00000000       0x71 ./D8Led.o
                                 0x83 (size before relaxing)
 .debug_str     0x00000071       0x28 ./button.o
                                 0x5a (size before relaxing)
 .debug_str     0x00000099       0xc2 ./gpio.o
                                 0xf9 (size before relaxing)
 .debug_str     0x0000015b       0x73 ./leds.o
                                 0xd7 (size before relaxing)
 .debug_str     0x000001ce       0x9f ./main.o
                                0x144 (size before relaxing)
 .debug_str     0x0000026d       0x2c ./utils.o
                                 0x4c (size before relaxing)

.comment        0x00000000       0x2a
 .comment       0x00000000       0x2a ./D8Led.o
                                 0x2b (size before relaxing)
 .comment       0x00000000       0x2b ./button.o
 .comment       0x00000000       0x2b ./gpio.o
 .comment       0x00000000       0x2b ./leds.o
 .comment       0x00000000       0x2b ./main.o
 .comment       0x00000000       0x2b ./utils.o

.ARM.attributes
                0x00000000       0x30
 .ARM.attributes
                0x00000000       0x32 ./D8Led.o
 .ARM.attributes
                0x00000032       0x32 ./button.o
 .ARM.attributes
                0x00000064       0x32 ./gpio.o
 .ARM.attributes
                0x00000096       0x22 ./init.o
 .ARM.attributes
                0x000000b8       0x32 ./leds.o
 .ARM.attributes
                0x000000ea       0x32 ./main.o
 .ARM.attributes
                0x0000011c       0x32 ./utils.o
 .ARM.attributes
                0x0000014e       0x1a c:/software/electronica/arm/eclipsearm/sourcery-g++-lite-arm-2011.03/bin/../lib/gcc/arm-none-eabi/4.5.2\libgcc.a(_divsi3.o)
 .ARM.attributes
                0x00000168       0x18 c:/software/electronica/arm/eclipsearm/sourcery-g++-lite-arm-2011.03/bin/../lib/gcc/arm-none-eabi/4.5.2\libgcc.a(_dvmd_tls.o)

.debug_frame    0x00000000      0x3a0
 .debug_frame   0x00000000       0x90 ./D8Led.o
 .debug_frame   0x00000090       0x30 ./button.o
 .debug_frame   0x000000c0       0xf0 ./gpio.o
 .debug_frame   0x000001b0      0x130 ./leds.o
 .debug_frame   0x000002e0       0x70 ./main.o
 .debug_frame   0x00000350       0x30 ./utils.o
 .debug_frame   0x00000380       0x20 c:/software/electronica/arm/eclipsearm/sourcery-g++-lite-arm-2011.03/bin/../lib/gcc/arm-none-eabi/4.5.2\libgcc.a(_divsi3.o)
